[17:27:49] [ServerMain/INFO]: [bootstrap] Running Java 25 (OpenJDK 64-Bit Server VM 25.0.3+9-2-24.04.2-Ubuntu; Ubuntu null) on Linux 6.8.0-1052-azure (amd64)
[17:27:49] [ServerMain/INFO]: [bootstrap] Loading Paper 26.1.2-60-main@b4682bf (2026-05-04T06:25:04Z) for Minecraft 26.1.2
[17:27:49] [ServerMain/INFO]: [PluginInitializerManager] Initializing plugins...
[17:27:49] [ServerMain/INFO]: [PluginInitializerManager] Initialized 2 plugins
[17:27:49] [ServerMain/INFO]: [PluginInitializerManager] Bukkit plugins (2):
 - Fahare (1.4.0), SkinsRestorer (15.12.5)
[17:27:56] [ServerMain/INFO]: Environment: Environment[sessionHost=https://sessionserver.mojang.com, servicesHost=https://api.minecraftservices.com, profilesHost=https://api.mojang.com, name=PROD]
[17:27:59] [ServerMain/INFO]: Loaded 1515 recipes
[17:27:59] [ServerMain/INFO]: Loaded 1617 advancements
[17:27:59] [ServerMain/INFO]: [ca.spottedleaf.dataconverter.minecraft.datatypes.MCTypeRegistry] Initialising converters for DataConverter...
[17:28:00] [ServerMain/INFO]: [ca.spottedleaf.dataconverter.minecraft.datatypes.MCTypeRegistry] Finished initialising converters for DataConverter in 579.8ms
[17:28:00] [Server thread/INFO]: Starting minecraft server version 26.1.2
[17:28:00] [Server thread/INFO]: Loading properties
[17:28:00] [Server thread/INFO]: This server is running Paper version 26.1.2-60-main@b4682bf (2026-05-04T06:25:04Z) (Implementing API version 26.1.2.build.60-stable)
[17:28:01] [Server thread/INFO]: [spark] This server bundles the spark profiler. For more information please visit https://docs.papermc.io/paper/profiling
[17:28:01] [Server thread/INFO]: Server Ping Player Sample Count: 12
[17:28:01] [Server thread/INFO]: Using 4 threads for Netty based IO
[17:28:02] [Server thread/INFO]: [MoonriseCommon] Paper is using 1 worker threads, 1 I/O threads
[17:28:02] [Server thread/INFO]: Default game type: SURVIVAL
[17:28:02] [Server thread/INFO]: Generating keypair
[17:28:02] [Server thread/INFO]: Starting Minecraft server on *:25565
[17:28:02] [Server thread/INFO]: Paper: Using libdeflate (Linux x86_64) compression from Velocity.
[17:28:02] [Server thread/INFO]: Paper: Using OpenSSL 3.x.x (Linux x86_64) cipher from Velocity.
[17:28:03] [Server thread/INFO]: [SkinsRestorer] Loading server plugin SkinsRestorer v15.12.5
[17:28:03] [Server thread/INFO]: [Fahare] Loading server plugin Fahare v1.4.0
[17:28:03] [Server thread/INFO]: Server permissions file permissions.yml is empty, ignoring it
[17:28:03] [Server thread/INFO]: [SkinsRestorer] Enabling SkinsRestorer v15.12.5
[17:28:04] [Server thread/INFO]: [SkinsRestorer] Running on Minecraft 26.1.2.
[17:28:05] [Server thread/INFO]: [SkinsRestorer] Using paper join listener!
[17:28:05] [Server thread/WARN]: **** SERVER IS RUNNING IN OFFLINE/INSECURE MODE!
[17:28:05] [Server thread/WARN]: The server will make no attempt to authenticate usernames. Beware.
[17:28:05] [Server thread/WARN]: While this makes the game possible to play without internet access, it also opens up the ability for hackers to connect with any username they choose.
[17:28:05] [Server thread/WARN]: To change this, set "online-mode" to "true" in the server.properties file.
[17:28:05] [Server thread/INFO]: Preparing level "world"
[17:28:05] [Folia Async Scheduler Thread #1/INFO]: [SkinsRestorer] ----------------------------------------------
[17:28:05] [Folia Async Scheduler Thread #1/INFO]: [SkinsRestorer]     +===================+
[17:28:05] [Folia Async Scheduler Thread #1/INFO]: [SkinsRestorer]     |   SkinsRestorer   |
[17:28:05] [Folia Async Scheduler Thread #1/INFO]: [SkinsRestorer]     |-------------------|
[17:28:05] [Folia Async Scheduler Thread #1/INFO]: [SkinsRestorer]     |  Standalone Mode  |
[17:28:05] [Folia Async Scheduler Thread #1/INFO]: [SkinsRestorer]     +===================+
[17:28:05] [Folia Async Scheduler Thread #1/INFO]: [SkinsRestorer] ----------------------------------------------
[17:28:05] [Folia Async Scheduler Thread #1/INFO]: [SkinsRestorer]     Version: 15.12.5
[17:28:05] [Folia Async Scheduler Thread #1/INFO]: [SkinsRestorer]     Commit: 98b9488
[17:28:05] [Folia Async Scheduler Thread #1/INFO]: [SkinsRestorer]     This is the latest version!
[17:28:05] [Folia Async Scheduler Thread #1/INFO]: [SkinsRestorer] ----------------------------------------------
[17:28:05] [Folia Async Scheduler Thread #1/INFO]: [SkinsRestorer] Do you have issues? Read our troubleshooting guide: https://skinsrestorer.net/docs/troubleshooting
[17:28:05] [Folia Async Scheduler Thread #1/INFO]: [SkinsRestorer] Want to support SkinsRestorer or receive priority support? Become a supporter: https://skinsrestorer.net/pricing
[17:28:06] [Server thread/INFO]: Loading 0 persistent chunks for level 'minecraft:overworld'...
[17:28:06] [Server thread/INFO]: Prepared spawn area in 2 ms
[17:28:06] [Server thread/INFO]: Loading 0 persistent chunks for level 'minecraft:the_nether'...
[17:28:06] [Server thread/INFO]: Prepared spawn area in 0 ms
[17:28:06] [Server thread/INFO]: Loading 0 persistent chunks for level 'minecraft:the_end'...
[17:28:06] [Server thread/INFO]: Preparing spawn area: 100%
[17:28:06] [Server thread/INFO]: Prepared spawn area in 5 ms
[17:28:06] [Server thread/INFO]: Done preparing level "world" (1.082s)
[17:28:06] [Server thread/INFO]: [Fahare] Enabling Fahare v1.4.0
[17:28:06] [Server thread/INFO]: [Fahare] fhr.log.info.missing-seed
[17:28:06] [Server thread/WARN]: [Fahare] fhr.log.info.difficulty
[17:28:06] [Server thread/INFO]: Loading 0 persistent chunks for level 'fahare:limbo'...
[17:28:06] [Server thread/INFO]: Preparing spawn area: 100%
[17:28:06] [Server thread/INFO]: Prepared spawn area in 2 ms
[17:28:06] [Server thread/INFO]: [Fahare] Initial seed for fake overworld is 1873757141083003255
[17:28:06] [Server thread/INFO]: Loading 0 persistent chunks for level 'fahare:overworld'...
[17:28:06] [Server thread/INFO]: Prepared spawn area in 3 ms
[17:28:07] [Server thread/INFO]: [spark] Starting background profiler...
[17:28:07] [Server thread/INFO]: Saving chunks for level 'ServerLevel[world]'/minecraft:overworld
[17:28:07] [Server thread/INFO]: Saving chunks for level 'ServerLevel[world]'/minecraft:the_nether
[17:28:07] [Server thread/INFO]: Saving chunks for level 'ServerLevel[world]'/minecraft:the_end
[17:28:07] [Server thread/INFO]: Saving chunks for level 'ServerLevel[world]'/fahare:limbo
[17:28:07] [Server thread/INFO]: Saving chunks for level 'ServerLevel[world]'/fahare:overworld
[17:28:07] [Server thread/INFO]: ThreadedAnvilChunkStorage (world): All chunks are saved
[17:28:07] [Server thread/INFO]: ThreadedAnvilChunkStorage (DIM-1): All chunks are saved
[17:28:07] [Server thread/INFO]: ThreadedAnvilChunkStorage (DIM1): All chunks are saved
[17:28:07] [Server thread/INFO]: ThreadedAnvilChunkStorage (limbo): All chunks are saved
[17:28:07] [Server thread/INFO]: ThreadedAnvilChunkStorage (world): All chunks are saved
[17:28:07] [Server thread/INFO]: ThreadedAnvilChunkStorage: All dimensions are saved
[17:28:07] [Server thread/INFO]: Running delayed init tasks
[17:28:07] [Server thread/INFO]: Done (20.204s)! For help, type "help"
[17:28:07] [Paper Async Task Handler Thread - 1/WARN]: *** You are running an outdated version of Minecraft, which is 2 release(s) and 14 build(s) behind!
[17:28:07] [Paper Async Task Handler Thread - 1/WARN]: *** Please update to the latest stable version on https://papermc.io/downloads/paper ***
[17:28:10] [User Authenticator #0/INFO]: UUID of player victorito99 is e65e2f34-6477-3a5b-94a1-e70d6e0f8267
[17:28:13] [Server thread/INFO]: victorito99 joined the game
[17:28:13] [Server thread/INFO]: victorito99[/127.206.54.95:33063] logged in with entity id 61 at ([fahare:overworld]-207.8192589164982, 65.0, -371.69999998807907)
[17:28:14] [User Authenticator #1/INFO]: UUID of player joosemrtenzz is 423be80c-64be-3600-9993-a9d855799c82
[17:28:15] [Server thread/INFO]: joosemrtenzz joined the game
[17:28:15] [Server thread/INFO]: joosemrtenzz[/127.55.30.17:50775] logged in with entity id 88 at ([fahare:overworld]-209.30000001192093, 63.0, -371.33802842722054)
[17:30:19] [Server thread/INFO]: You whisper to victorito99: hello
[17:32:20] [Server thread/INFO]: victorito99 has made the advancement [Acquire Hardware]
[17:32:40] [Server thread/INFO]: victorito99 has made the advancement [Isn't It Iron Pick]
[17:36:46] [Server thread/INFO]: joosemrtenzz has made the advancement [Isn't It Iron Pick]
[17:37:41] [Server thread/INFO]: victorito99 has made the advancement [Not Today, Thank You]
[17:37:55] [Server thread/INFO]: victorito99 has made the advancement [Diamonds!]
[17:39:59] [Server thread/INFO]: joosemrtenzz has made the advancement [Acquire Hardware]
[17:40:04] [Server thread/INFO]: joosemrtenzz has made the advancement [Not Today, Thank You]
[17:41:47] [Server thread/INFO]: joosemrtenzz has made the advancement [Diamonds!]
[17:42:32] [Server thread/INFO]: joosemrtenzz tried to swim in lava
[17:42:32] [Server thread/INFO]: [Fahare] Seed for world_nether is -3542592722334327579
[17:42:32] [Server thread/INFO]: [ChunkHolderManager] Waiting 60s for chunk system to halt for world 'minecraft:the_nether'
[17:42:32] [Server thread/INFO]: [ChunkHolderManager] Halted chunk system for world 'minecraft:the_nether'
[17:42:32] [Server thread/INFO]: [ChunkHolderManager] Waiting 60s for chunk I/O to halt for world 'minecraft:the_nether'
[17:42:32] [Server thread/INFO]: [ChunkHolderManager] Halted I/O scheduler for world 'minecraft:the_nether'
[17:42:32] [Server thread/INFO]: [Fahare] Deleting folder ./world/dimensions/minecraft/the_nether
[17:42:32] [Server thread/INFO]: Selecting spawn point for level 'minecraft:the_nether'...
[17:42:33] [Server thread/INFO]: Loading 0 persistent chunks for level 'minecraft:the_nether'...
[17:42:33] [Server thread/INFO]: Preparing spawn area: 100%
[17:42:33] [Server thread/INFO]: Prepared spawn area in 1162 ms
[17:42:33] [Server thread/INFO]: Regenerated world_nether
[17:42:33] [Server thread/INFO]: [Fahare] Seed for world_the_end is 976606876630941886
[17:42:33] [Server thread/INFO]: [ChunkHolderManager] Waiting 60s for chunk system to halt for world 'minecraft:the_end'
[17:42:33] [Server thread/INFO]: [ChunkHolderManager] Halted chunk system for world 'minecraft:the_end'
[17:42:33] [Server thread/INFO]: [ChunkHolderManager] Waiting 60s for chunk I/O to halt for world 'minecraft:the_end'
[17:42:33] [Server thread/INFO]: [ChunkHolderManager] Halted I/O scheduler for world 'minecraft:the_end'
[17:42:33] [Server thread/INFO]: [Fahare] Deleting folder ./world/dimensions/minecraft/the_end
[17:42:34] [Server thread/INFO]: Selecting spawn point for level 'minecraft:the_end'...
[17:42:34] [Server thread/INFO]: Loading 0 persistent chunks for level 'minecraft:the_end'...
[17:42:34] [Server thread/INFO]: Preparing spawn area: 100%
[17:42:34] [Server thread/INFO]: Prepared spawn area in 461 ms
[17:42:34] [Server thread/INFO]: Regenerated world_the_end
[17:42:34] [Server thread/INFO]: [Fahare] Seed for fahare_overworld is 5268592270182799124
[17:42:34] [Server thread/INFO]: [ChunkHolderManager] Waiting 60s for chunk system to halt for world 'fahare:overworld'
[17:42:34] [Server thread/INFO]: [ChunkHolderManager] Halted chunk system for world 'fahare:overworld'
[17:42:34] [Server thread/INFO]: [ChunkHolderManager] Waiting 60s for chunk I/O to halt for world 'fahare:overworld'
[17:42:34] [Server thread/INFO]: [ChunkHolderManager] Halted I/O scheduler for world 'fahare:overworld'
[17:42:34] [Server thread/INFO]: [Fahare] Deleting folder ./world/dimensions/fahare/overworld
[17:42:34] [Server thread/INFO]: Selecting spawn point for level 'fahare:overworld'...
[17:42:44] [Paper Watchdog Thread/ERROR]: --- DO NOT REPORT THIS TO PAPER - THIS IS NOT A BUG OR A CRASH  - 26.1.2-60-b4682bf (MC: 26.1.2) ---
[17:42:44] [Paper Watchdog Thread/ERROR]: The server has not responded for 10 seconds! Creating thread dump
[17:42:44] [Paper Watchdog Thread/ERROR]: ------------------------------
[17:42:44] [Paper Watchdog Thread/ERROR]: Server thread dump (Look for plugins here before reporting to Paper!):
[17:42:44] [Paper Watchdog Thread/ERROR]: [ChunkTaskScheduler] Chunk wait task info below: 
[17:42:44] [Paper Watchdog Thread/ERROR]: [ChunkTaskScheduler] Chunk wait: [( 0,2) in 'fahare:overworld']
[17:42:44] [Paper Watchdog Thread/ERROR]: [ChunkTaskScheduler] Chunk holder: NewChunkHolder{world=fahare:overworld, chunkX=0, chunkZ=2, entityChunkFromDisk=false, lastChunkCompletion={chunk_class=net.minecraft.world.level.chunk.ProtoChunk,status=minecraft:carvers}, currentGenStatus=minecraft:carvers, requestedGenStatus=minecraft:full, generationTask=null, generationTaskStatus=null, priority=BLOCKING, priorityLocked=false, neighbourRequestedPriority=null, effective_priority=BLOCKING, oldTicketLevel=33, currentTicketLevel=33, totalNeighboursUsingThisChunk=8, fullNeighbourChunksLoadedBitset=0, currentChunkStatus=INACCESSIBLE, pendingChunkStatus=INACCESSIBLE, is_unload_safe=ticket_level, killed=false}
[17:42:44] [Paper Watchdog Thread/ERROR]: ------------------------------
[17:42:44] [Paper Watchdog Thread/ERROR]: Current Thread: Server thread
[17:42:44] [Paper Watchdog Thread/ERROR]: 	PID: 40 | Suspended: false | Native: false | State: RUNNABLE
[17:42:44] [Paper Watchdog Thread/ERROR]: 	Stack:
[17:42:44] [Paper Watchdog Thread/ERROR]: 		java.base@25.0.3/java.lang.Thread.yield0(Native Method)
[17:42:44] [Paper Watchdog Thread/ERROR]: 		java.base@25.0.3/java.lang.Thread.yield(Thread.java:462)
[17:42:44] [Paper Watchdog Thread/ERROR]: 		net.minecraft.util.thread.BlockableEventLoop.waitForTasks(BlockableEventLoop.java:199)
[17:42:44] [Paper Watchdog Thread/ERROR]: 		net.minecraft.util.thread.BlockableEventLoop.managedBlock(BlockableEventLoop.java:190)
[17:42:44] [Paper Watchdog Thread/ERROR]: 		net.minecraft.server.level.ServerChunkCache.syncLoad(ServerChunkCache.java:119)
[17:42:44] [Paper Watchdog Thread/ERROR]: 		net.minecraft.server.level.ServerChunkCache.getChunkFallback(ServerChunkCache.java:153)
[17:42:44] [Paper Watchdog Thread/ERROR]: 		net.minecraft.server.level.ServerChunkCache.getChunk(ServerChunkCache.java:317)
[17:42:44] [Paper Watchdog Thread/ERROR]: 		net.minecraft.world.level.Level.getChunk(Level.java:974)
[17:42:44] [Paper Watchdog Thread/ERROR]: 		net.minecraft.server.level.PlayerSpawnFinder.getOverworldRespawnPos(PlayerSpawnFinder.java:150)
[17:42:44] [Paper Watchdog Thread/ERROR]: 		net.minecraft.server.level.PlayerSpawnFinder.getSpawnPosInChunk(PlayerSpawnFinder.java:184)
[17:42:44] [Paper Watchdog Thread/ERROR]: 		net.minecraft.server.MinecraftServer.setInitialSpawn(MinecraftServer.java:880)
[17:42:44] [Paper Watchdog Thread/ERROR]: 		net.minecraft.server.MinecraftServer.initWorld(MinecraftServer.java:803)
[17:42:44] [Paper Watchdog Thread/ERROR]: 		org.bukkit.craftbukkit.CraftServer.createWorld(CraftServer.java:1306)
[17:42:44] [Paper Watchdog Thread/ERROR]: 		org.bukkit.Bukkit.createWorld(Bukkit.java:828)
[17:42:44] [Paper Watchdog Thread/ERROR]: 		org.bukkit.WorldCreator.createWorld(WorldCreator.java:605)
[17:42:44] [Paper Watchdog Thread/ERROR]: 		Fahare-1.4.0.jar//dev.qixils.fahare.Fahare.deleteNextWorld(Fahare.java:349)
[17:42:44] [Paper Watchdog Thread/ERROR]: 		Fahare-1.4.0.jar//dev.qixils.fahare.Fahare.lambda$deleteNextWorld$1(Fahare.java:364)
[17:42:44] [Paper Watchdog Thread/ERROR]: 		Fahare-1.4.0.jar//dev.qixils.fahare.Fahare$$Lambda/0x0000000065d78b18.accept(Unknown Source)
[17:42:44] [Paper Watchdog Thread/ERROR]: 		io.papermc.paper.threadedregions.scheduler.FoliaGlobalRegionScheduler$GlobalScheduledTask.run(FoliaGlobalRegionScheduler.java:178)
[17:42:44] [Paper Watchdog Thread/ERROR]: 		io.papermc.paper.threadedregions.scheduler.FoliaGlobalRegionScheduler.tick(FoliaGlobalRegionScheduler.java:36)
[17:42:44] [Paper Watchdog Thread/ERROR]: 		net.minecraft.server.MinecraftServer.tickChildren(MinecraftServer.java:1804)
[17:42:44] [Paper Watchdog Thread/ERROR]: 		net.minecraft.server.MinecraftServer.tickServer(MinecraftServer.java:1655)
[17:42:44] [Paper Watchdog Thread/ERROR]: 		net.minecraft.server.dedicated.DedicatedServer.tickServer(DedicatedServer.java:449)
[17:42:44] [Paper Watchdog Thread/ERROR]: 		net.minecraft.server.MinecraftServer.processPacketsAndTick(MinecraftServer.java:1713)
[17:42:44] [Paper Watchdog Thread/ERROR]: 		net.minecraft.server.MinecraftServer.runServer(MinecraftServer.java:1383)
[17:42:44] [Paper Watchdog Thread/ERROR]: 		net.minecraft.server.MinecraftServer.lambda$spin$0(MinecraftServer.java:304)
[17:42:44] [Paper Watchdog Thread/ERROR]: 		net.minecraft.server.MinecraftServer$$Lambda/0x000000006509aa50.run(Unknown Source)
[17:42:44] [Paper Watchdog Thread/ERROR]: 		java.base@25.0.3/java.lang.Thread.runWith(Thread.java:1487)
[17:42:44] [Paper Watchdog Thread/ERROR]: 		java.base@25.0.3/java.lang.Thread.run(Thread.java:1474)
[17:42:44] [Paper Watchdog Thread/ERROR]: ------------------------------
[17:42:44] [Paper Watchdog Thread/ERROR]: --- DO NOT REPORT THIS TO PAPER - THIS IS NOT A BUG OR A CRASH ---
[17:42:44] [Paper Watchdog Thread/ERROR]: ------------------------------
[17:42:45] [Server thread/INFO]: Loading 0 persistent chunks for level 'fahare:overworld'...
[17:42:45] [Server thread/INFO]: Preparing spawn area: 100%
[17:42:45] [Server thread/INFO]: Prepared spawn area in 11099 ms
[17:42:45] [Server thread/INFO]: Regenerated fahare_overworld
[17:42:56] [Async Chat Thread - #1/INFO]: [Not Secure] <victorito99> 3-0
[17:43:40] [Server thread/INFO]: joosemrtenzz has made the advancement [Stone Age]
[17:44:04] [Server thread/INFO]: victorito99 has made the advancement [Stone Age]
[17:44:25] [Server thread/INFO]: joosemrtenzz has made the advancement [Getting an Upgrade]
[17:44:49] [Server thread/INFO]: victorito99 has made the advancement [Getting an Upgrade]
[17:49:12] [Server thread/INFO]: joosemrtenzz issued server command: /skin set Fe3therl
[17:49:23] [Server thread/INFO]: joosemrtenzz issued server command: /skin set JovchaYT
[17:49:58] [Server thread/INFO]: victorito99 has made the advancement [Acquire Hardware]
[17:50:22] [Server thread/INFO]: joosemrtenzz has made the advancement [Acquire Hardware]
[17:52:21] [Server thread/INFO]: joosemrtenzz has made the advancement [Monster Hunter]
[17:52:23] [Server thread/INFO]: victorito99 has made the advancement [Monster Hunter]
[17:52:50] [Server thread/INFO]: victorito99 has made the advancement [Not Today, Thank You]
[17:58:19] [Server thread/INFO]: victorito99 has made the advancement [Isn't It Iron Pick]
[17:58:22] [Server thread/INFO]: joosemrtenzz has made the advancement [Isn't It Iron Pick]
[17:59:18] [Server thread/INFO]: joosemrtenzz has made the advancement [Not Today, Thank You]
[18:02:35] [Server thread/INFO]: joosemrtenzz has made the advancement [Diamonds!]
[18:03:38] [Server thread/INFO]: victorito99 has made the advancement [Suit Up]
[18:06:44] [Server thread/INFO]: joosemrtenzz has made the advancement [Suit Up]
[18:11:44] [Server thread/INFO]: victorito99 has made the advancement [Diamonds!]
[18:19:54] [Server thread/INFO]: victorito99 has made the advancement [Sweet Dreams]
[18:19:56] [Server thread/INFO]: joosemrtenzz has made the advancement [Sweet Dreams]
[18:22:54] [Server thread/INFO]: victorito99 has made the advancement [Best Friends Forever]
[18:23:52] [Server thread/INFO]: victorito99 has made the advancement [The Parrots and the Bats]
[18:50:06] [Server thread/INFO]: victorito99 has made the advancement [Minecraft: Trial(s) Edition]
[18:50:32] [Server thread/INFO]: joosemrtenzz has made the advancement [Minecraft: Trial(s) Edition]
